=== SWEEP POINT: on-node (pool=0) ===
✅ GCHP Validated Stack (ARM64/aarch64): gchp14.7.1-validated
gcc (GCC) 12.2.0
SUBMITTED c180demo_r48_k4_jc180swp_on-node job=1 jobid=c180swp_on-node (START THE WORKER POOL NOW: start-s3-worker-pool.sh c180swp_on-node <nworkers>)
Read from remote host 44.204.179.33: Connection reset by peer
client_loop: send disconnect: Broken pipe
RESULT_SWEEP label=on-node pool=0 RUN_dd=18.5 Avg_dd=4.7 reached=Time: 02:00:00 fallback=0 
=== SWEEP POINT: P96 (pool=96) ===
✅ GCHP Validated Stack (ARM64/aarch64): gchp14.7.1-validated
gcc (GCC) 12.2.0
SUBMITTED c180demo_r48_k4_jc180swp_P96 job=2 jobid=c180swp_P96 (START THE WORKER POOL NOW: start-s3-worker-pool.sh c180swp_P96 <nworkers>)
RESULT_SWEEP label=P96 pool=96 RUN_dd=18.6 Avg_dd=37.1 reached=Time: 00:10:00 fallback=0 
=== SWEEP POINT: P192 (pool=192) ===
✅ GCHP Validated Stack (ARM64/aarch64): gchp14.7.1-validated
gcc (GCC) 12.2.0
SUBMITTED c180demo_r48_k4_jc180swp_P192 job=3 jobid=c180swp_P192 (START THE WORKER POOL NOW: start-s3-worker-pool.sh c180swp_P192 <nworkers>)
RESULT_SWEEP label=P192 pool=192 RUN_dd=18.4 Avg_dd=36.7 reached=Time: 00:10:00 fallback=0 
=== SWEEP POINT: P384 (pool=384) ===
✅ GCHP Validated Stack (ARM64/aarch64): gchp14.7.1-validated
gcc (GCC) 12.2.0
SUBMITTED c180demo_r48_k4_jc180swp_P384 job=4 jobid=c180swp_P384 (START THE WORKER POOL NOW: start-s3-worker-pool.sh c180swp_P384 <nworkers>)
RESULT_SWEEP label=P384 pool=384 RUN_dd=NA Avg_dd=NA reached=? fallback=0 
=== C90 AMDAHL SWEEP DONE ===
RESULT_SWEEP label=on-node pool=0 RUN_dd=18.5 Avg_dd=4.7 reached=Time: 02:00:00 fallback=0 
RESULT_SWEEP label=P96 pool=96 RUN_dd=18.6 Avg_dd=37.1 reached=Time: 00:10:00 fallback=0 
RESULT_SWEEP label=P192 pool=192 RUN_dd=18.4 Avg_dd=36.7 reached=Time: 00:10:00 fallback=0 
RESULT_SWEEP label=P384 pool=384 RUN_dd=NA Avg_dd=NA reached=? fallback=0 
