=== SWEEP POINT: on-node (pool=0) ===
✅ GCHP Validated Stack (ARM64/aarch64): gchp14.7.1-validated
gcc (GCC) 12.2.0
SUBMITTED c90demo_r48_k4_jc90swp_on-node job=1 jobid=c90swp_on-node (START THE WORKER POOL NOW: start-s3-worker-pool.sh c90swp_on-node <nworkers>)
RESULT_SWEEP label=on-node pool=0 throughput_dd=23.3 fallback=2 md5=3a03bda91cb71f3dbca12e39b5065821
=== SWEEP POINT: P64 (pool=64) ===
✅ GCHP Validated Stack (ARM64/aarch64): gchp14.7.1-validated
gcc (GCC) 12.2.0
SUBMITTED c90demo_r48_k4_jc90swp_P64 job=2 jobid=c90swp_P64 (START THE WORKER POOL NOW: start-s3-worker-pool.sh c90swp_P64 <nworkers>)
Connection reset by 34.235.148.149 port 22
Connection reset by 34.235.148.149 port 22
Connection to 34.235.148.149 port 22 timed out
RESULT_SWEEP label=P64 pool=64 throughput_dd=2.1 fallback=NA 
=== SWEEP POINT: P128 (pool=128) ===
✅ GCHP Validated Stack (ARM64/aarch64): gchp14.7.1-validated
gcc (GCC) 12.2.0
SUBMITTED c90demo_r48_k4_jc90swp_P128 job=3 jobid=c90swp_P128 (START THE WORKER POOL NOW: start-s3-worker-pool.sh c90swp_P128 <nworkers>)
Connection reset by 34.235.148.149 port 22
RESULT_SWEEP label=P128 pool=128 throughput_dd=2.1 fallback=0 
=== SWEEP POINT: P192 (pool=192) ===
✅ GCHP Validated Stack (ARM64/aarch64): gchp14.7.1-validated
gcc (GCC) 12.2.0
SUBMITTED c90demo_r48_k4_jc90swp_P192 job=4 jobid=c90swp_P192 (START THE WORKER POOL NOW: start-s3-worker-pool.sh c90swp_P192 <nworkers>)
Connection reset by 34.235.148.149 port 22
RESULT_SWEEP label=P192 pool=192 throughput_dd=2.1 fallback=0 
=== SWEEP POINT: P384 (pool=384) ===
✅ GCHP Validated Stack (ARM64/aarch64): gchp14.7.1-validated
gcc (GCC) 12.2.0
SUBMITTED c90demo_r48_k4_jc90swp_P384 job=5 jobid=c90swp_P384 (START THE WORKER POOL NOW: start-s3-worker-pool.sh c90swp_P384 <nworkers>)
RESULT_SWEEP label=P384 pool=384 throughput_dd=2.1 fallback=0 
=== C90 AMDAHL SWEEP DONE ===
RESULT_SWEEP label=on-node pool=0 throughput_dd=23.3 fallback=2 md5=3a03bda91cb71f3dbca12e39b5065821
RESULT_SWEEP label=P64 pool=64 throughput_dd=2.1 fallback=NA 
RESULT_SWEEP label=P128 pool=128 throughput_dd=2.1 fallback=0 
RESULT_SWEEP label=P192 pool=192 throughput_dd=2.1 fallback=0 
RESULT_SWEEP label=P384 pool=384 throughput_dd=2.1 fallback=0 
