############ INSTANCE hpc7g.16xlarge (arch=aarch64, maxnodes=1, cluster=gchp-sw-hpc7g) ############
rendered: /tmp/gchp-sw-hpc7g.yaml (instance=hpc7g.16xlarge max=1 region=us-east-1 arch=aarch64 boot=sync-stack-arm.sh head=c7g.2xlarge)
=== dry-run ===
msg: Request would have succeeded, but DryRun flag is set.
  WARNING EfaPlacementGroupValidator
  INFO DeletionPolicyValidator
  INFO DeletionPolicyValidator
=== create ===
status: CREATE_IN_PROGRESS
head=54.224.55.186
=== cell hpc7g.16xlarge c48_n1x60_tt --warmup ===
  job=1
  RESULT_TAG=c48_n1x60
  RESULT_NODES=1 RESULT_RANKS=60 RESULT_CS=48 RESULT_DAYS=1
  RUN_STATUS=SUCCEEDED (sim reached 2019/01/02; internal Avg=1893.6 d/d; killed mpirun pre-checkpoint to bound wall time)
  saved -> /Users/scttfrdmn/src/aws-gchp/scripts/../campaign-logs/slurm-hpc7g-c48_n1x60_tt.log  (append with: python3 -m gchp_aws.append_benchmark --log /Users/scttfrdmn/src/aws-gchp/scripts/../campaign-logs/slurm-hpc7g-c48_n1x60_tt.log --instance hpc7g.16xlarge --mechanism transporttracers)
>>> tearing down gchp-sw-hpc7g
############ INSTANCE c8g.48xlarge (arch=aarch64, maxnodes=2, cluster=gchp-sw-c8g) ############
rendered: /tmp/gchp-sw-c8g.yaml (instance=c8g.48xlarge max=2 region=us-east-1 arch=aarch64 boot=sync-stack-arm.sh head=c7g.2xlarge)
=== dry-run ===
msg: Request would have succeeded, but DryRun flag is set.
  WARNING EfaPlacementGroupValidator
  INFO DeletionPolicyValidator
  INFO DeletionPolicyValidator
=== create ===
status: CREATE_IN_PROGRESS
head=13.221.214.254
=== cell c8g.48xlarge c48_n1x96_tt --warmup ===
  job=1
  RESULT_TAG=c48_n1x96
  RESULT_NODES=1 RESULT_RANKS=96 RESULT_CS=48 RESULT_DAYS=1
  RUN_STATUS=SUCCEEDED (sim reached 2019/01/02; internal Avg=3252.0 d/d; killed mpirun pre-checkpoint to bound wall time)
  saved -> /Users/scttfrdmn/src/aws-gchp/scripts/../campaign-logs/slurm-c8g-c48_n1x96_tt.log  (append with: python3 -m gchp_aws.append_benchmark --log /Users/scttfrdmn/src/aws-gchp/scripts/../campaign-logs/slurm-c8g-c48_n1x96_tt.log --instance c8g.48xlarge --mechanism transporttracers)
=== cell c8g.48xlarge c90_n2x96_tt --warmup ===
  job=2
  RESULT_TAG=c90_n2x96
  RESULT_NODES=2 RESULT_RANKS=192 RESULT_CS=90 RESULT_DAYS=1
  RUN_STATUS=SUCCEEDED (sim reached 2019/01/02; internal Avg=2524.8 d/d; killed mpirun pre-checkpoint to bound wall time)
  saved -> /Users/scttfrdmn/src/aws-gchp/scripts/../campaign-logs/slurm-c8g-c90_n2x96_tt.log  (append with: python3 -m gchp_aws.append_benchmark --log /Users/scttfrdmn/src/aws-gchp/scripts/../campaign-logs/slurm-c8g-c90_n2x96_tt.log --instance c8g.48xlarge --mechanism transporttracers)
>>> tearing down gchp-sw-c8g
############ INSTANCE c7i.48xlarge (arch=x86_64, maxnodes=1, cluster=gchp-sw-c7i) ############
rendered: /tmp/gchp-sw-c7i.yaml (instance=c7i.48xlarge max=1 region=us-east-1 arch=x86_64 boot=sync-stack-x86.sh head=c7i.2xlarge)
=== dry-run ===
msg: Request would have succeeded, but DryRun flag is set.
  WARNING EfaPlacementGroupValidator
  INFO DeletionPolicyValidator
  INFO DeletionPolicyValidator
=== create ===
status: CREATE_IN_PROGRESS
head=54.80.18.165
=== cell c7i.48xlarge c48_n1x96_tt --warmup ===
  job=1
  RESULT_TAG=c48_n1x96
  RESULT_NODES=1 RESULT_RANKS=96 RESULT_CS=48 RESULT_DAYS=1
  RUN_STATUS=SUCCEEDED (sim reached 2019/01/02; internal Avg=459.7 d/d; killed mpirun pre-checkpoint to bound wall time)
  saved -> /Users/scttfrdmn/src/aws-gchp/scripts/../campaign-logs/slurm-c7i-c48_n1x96_tt.log  (append with: python3 -m gchp_aws.append_benchmark --log /Users/scttfrdmn/src/aws-gchp/scripts/../campaign-logs/slurm-c7i-c48_n1x96_tt.log --instance c7i.48xlarge --mechanism transporttracers)
>>> tearing down gchp-sw-c7i
############ INSTANCE c7a.48xlarge (arch=x86_64, maxnodes=2, cluster=gchp-sw-c7a) ############
rendered: /tmp/gchp-sw-c7a.yaml (instance=c7a.48xlarge max=2 region=us-east-1 arch=x86_64 boot=sync-stack-x86.sh head=c7i.2xlarge)
=== dry-run ===
msg: Request would have succeeded, but DryRun flag is set.
  WARNING EfaPlacementGroupValidator
  INFO DeletionPolicyValidator
  INFO DeletionPolicyValidator
=== create ===
status: CREATE_IN_PROGRESS
head=52.207.1.92
=== cell c7a.48xlarge c48_n1x96_tt --warmup ===
  job=1
  RESULT_TAG=c48_n1x96
  RESULT_NODES=1 RESULT_RANKS=96 RESULT_CS=48 RESULT_DAYS=1
  RUN_STATUS=SUCCEEDED (sim reached 2019/01/02; internal Avg=430.1 d/d; killed mpirun pre-checkpoint to bound wall time)
  saved -> /Users/scttfrdmn/src/aws-gchp/scripts/../campaign-logs/slurm-c7a-c48_n1x96_tt.log  (append with: python3 -m gchp_aws.append_benchmark --log /Users/scttfrdmn/src/aws-gchp/scripts/../campaign-logs/slurm-c7a-c48_n1x96_tt.log --instance c7a.48xlarge --mechanism transporttracers)
=== cell c7a.48xlarge c90_n2x96_tt --warmup ===
  job=2
  RESULT_TAG=c90_n2x96
  RESULT_NODES=2 RESULT_RANKS=192 RESULT_CS=90 RESULT_DAYS=1
  RUN_STATUS=SUCCEEDED (sim reached 2019/01/02; internal Avg=396.5 d/d; killed mpirun pre-checkpoint to bound wall time)
  saved -> /Users/scttfrdmn/src/aws-gchp/scripts/../campaign-logs/slurm-c7a-c90_n2x96_tt.log  (append with: python3 -m gchp_aws.append_benchmark --log /Users/scttfrdmn/src/aws-gchp/scripts/../campaign-logs/slurm-c7a-c90_n2x96_tt.log --instance c7a.48xlarge --mechanism transporttracers)
>>> tearing down gchp-sw-c7a
############ INSTANCE c8a.48xlarge (arch=x86_64, maxnodes=1, cluster=gchp-sw-c8a) ############
rendered: /tmp/gchp-sw-c8a.yaml (instance=c8a.48xlarge max=1 region=us-east-1 arch=x86_64 boot=sync-stack-x86.sh head=c7i.2xlarge)
=== dry-run ===
msg: Request would have succeeded, but DryRun flag is set.
  WARNING EfaPlacementGroupValidator
  INFO DeletionPolicyValidator
  INFO DeletionPolicyValidator
=== create ===
status: CREATE_IN_PROGRESS
head=54.164.75.13
=== cell c8a.48xlarge c48_n1x96_tt --warmup ===
  job=1
  RESULT_TAG=c48_n1x96
  RESULT_NODES=1 RESULT_RANKS=96 RESULT_CS=48 RESULT_DAYS=1
  RUN_STATUS=SUCCEEDED (sim reached 2019/01/02; internal Avg=508.5 d/d; killed mpirun pre-checkpoint to bound wall time)
  saved -> /Users/scttfrdmn/src/aws-gchp/scripts/../campaign-logs/slurm-c8a-c48_n1x96_tt.log  (append with: python3 -m gchp_aws.append_benchmark --log /Users/scttfrdmn/src/aws-gchp/scripts/../campaign-logs/slurm-c8a-c48_n1x96_tt.log --instance c8a.48xlarge --mechanism transporttracers)
>>> tearing down gchp-sw-c8a
############ INSTANCE m9g.48xlarge (arch=aarch64, maxnodes=2, cluster=gchp-sw-m9g) ############
rendered: /tmp/gchp-sw-m9g.yaml (instance=m9g.48xlarge max=2 region=us-east-1 arch=aarch64 boot=sync-stack-arm.sh head=c7g.2xlarge)
=== dry-run ===
msg: Request would have succeeded, but DryRun flag is set.
  WARNING EfaPlacementGroupValidator
  INFO DeletionPolicyValidator
  INFO DeletionPolicyValidator
=== create ===
status: CREATE_IN_PROGRESS
head=54.197.11.67
=== cell m9g.48xlarge c48_n1x96_tt --warmup ===
  job=1
  WARNING: empty log harvested for c48_n1x96 job 1
  saved -> /Users/scttfrdmn/src/aws-gchp/scripts/../campaign-logs/slurm-m9g-c48_n1x96_tt.log  (append with: python3 -m gchp_aws.append_benchmark --log /Users/scttfrdmn/src/aws-gchp/scripts/../campaign-logs/slurm-m9g-c48_n1x96_tt.log --instance m9g.48xlarge --mechanism transporttracers)
=== cell m9g.48xlarge c90_n2x96_tt --warmup ===
  job=2
  WARNING: empty log harvested for c90_n2x96 job 2
  saved -> /Users/scttfrdmn/src/aws-gchp/scripts/../campaign-logs/slurm-m9g-c90_n2x96_tt.log  (append with: python3 -m gchp_aws.append_benchmark --log /Users/scttfrdmn/src/aws-gchp/scripts/../campaign-logs/slurm-m9g-c90_n2x96_tt.log --instance m9g.48xlarge --mechanism transporttracers)
>>> tearing down gchp-sw-m9g
############ SWEEP DONE. logs in /Users/scttfrdmn/src/aws-gchp/scripts/../campaign-logs. Append the good ones to benchmarks.json, then re-run pytest + calculator. ############
