✅ GCHP Validated Stack (ARM64/aarch64): gchp14.7.1-validated
gcc (GCC) 12.2.0
Restart symlink gchp_restart.nc4 set to ./Restarts/GEOSChem.Restart.20190101_0000z.c24.nc4
=== co-launching 6 kpp_worker (=6 ranks x 1 workers) via srun --overlap ===
=== mpirun -n 6 gchp (REMOTE=1 K=1 MODE=normal) ===
RUN_DONE exit=134 wall=303s
/var/spool/slurmd/job00002/slurm_script: line 69: 24538 Killed                  srun --overlap --nodes=1 --ntasks=6 --ntasks-per-node=6 --output=worker_%t.log --export=ALL ./worker_launch.sh
=== RESULT: checkpoint MD5 (PRIMARY gate) ===
RESULT_P4_CAP tag=c24p4_r6_k1_normal cap_restart=20190101 001000
RESULT_P4_MD5 tag=c24p4_r6_k1_normal k=1 file=gcchem_internal_checkpoint md5=dd532a95539327633dddc98ba0a76897 bytes=763402691
=== RESULT: internal throughput (demo) ===
 GCHP Date: 2019/01/01  Time: 00:10:00  Throughput(days/day)[Avg Tot Run]:          7.1          7.1         39.5  TimeRemaining(Est) 000:00:00    8.7% :  13.9% Mem Comm:Used  Wallclock: 2026/07/17 21:35
=== RESULT: handoff cost + fan-out ===
=== RESULT: double-failure count (byte-identity caveat) ===
=== worker exit lines ===
[CHEMREMOTE worker 0] ATTACHED ok
[CHEMREMOTE worker 1] ATTACHED ok
[CHEMREMOTE worker 2] ATTACHED ok
[CHEMREMOTE worker 3] ATTACHED ok
[CHEMREMOTE worker 4] ATTACHED ok
[CHEMREMOTE worker 5] ATTACHED ok
RESULT_P4_DONE tag=c24p4_r6_k1_normal k=1 mpirc=134
