=== gate 5f-P9k  2026-10-05T03:08:47Z  B=39ebae8ab0c3
CELL D1 wall=3.4 n=488 le025=52 (10.7%) le060=91 (18.6%) le100=168 (34.4%) median_ms=137.2 s3_MB=3281.4
  inflight max (2 Hz): 45
CELL F1 wall=2.3 n=140 le025=44 (31.4%) le060=106 (75.7%) le100=132 (94.3%) median_ms=94.6 s3_MB=358.6
  inflight max (2 Hz): 10
CELL B1 wall=2.2 n=140 le025=63 (45.0%) le060=127 (90.7%) le100=139 (99.3%) median_ms=61.8 s3_MB=358.6
  inflight max (2 Hz): 3
CELL D2 wall=2.3 n=315 le025=50 (15.9%) le060=127 (40.3%) le100=180 (57.1%) median_ms=35.7 s3_MB=1826.6
  inflight max (2 Hz): 104
CELL F2 wall=2.3 n=140 le025=55 (39.3%) le060=134 (95.7%) le100=139 (99.3%) median_ms=31.4 s3_MB=358.6
  inflight max (2 Hz): 3
CELL B2 wall=2.2 n=140 le025=70 (50.0%) le060=133 (95.0%) le100=140 (100.0%) median_ms=27.2 s3_MB=358.6
  inflight max (2 Hz): 3
CELL D3 wall=2.2 n=142 le025=74 (52.1%) le060=138 (97.2%) le100=140 (98.6%) median_ms=26.3 s3_MB=375.4
  inflight max (2 Hz): 3
CELL F3 wall=2.3 n=140 le025=57 (40.7%) le060=138 (98.6%) le100=140 (100.0%) median_ms=25.2 s3_MB=358.6
  inflight max (2 Hz): 3
CELL B3 wall=2.2 n=140 le025=62 (44.3%) le060=138 (98.6%) le100=140 (100.0%) median_ms=26.7 s3_MB=358.6
  inflight max (2 Hz): 4
=== done 2026-10-05T03:09:21Z
