=== 5f-P25 sweep 2026-10-10T15:13:31Z lith=fa967b30e3f6 nic=15
grib_idx,lith,1,2026-10-10T15:13:33Z,75,0,62422091,12320768,5.07,11829248,10221443,6.11,50331648,12090443,0,0,11,14,0,75,69,2,48,2,3.09,24.4,98.6,True,12/12 fields decoded
netcdf4_hyperslab,lith,1,2026-10-10T15:13:38Z,21,0,7862494,5832704,1.35,5586944,131072,59.99,0,7862494,0,0,73,0,0,27,21,0,0,1,1.171,25.0,99.1,True,OR_ABI-L2-CMIPF-M6C01_G19_s20262810000210_e20262810009519_c20262810009578.nc CMI 10848x10848 slab 256x256 int16
mmap_random,lith,1,2026-10-10T15:13:44Z,2413,0,416277499,414056448,1.01,306253824,12288000,33.88,0,416277499,0,0,0,0,0,100,2413,0,0,1,120.842,24.3,99.3,True,3000 random 4 KiB page touches over 892331003 B (checksum 391765)
concurrent_handles,lith,1,2026-10-10T15:15:47Z,130,0,506698297,506658816,1.0,506634240,506632761,1.0,463510073,43188224,0,0,8,92,0,0,68,442,446,8,0.867,24.6,99.3,True,8 handles; contiguous 1/8 shares; 1 MiB reads
cog_overview_window,lith,1,2026-10-10T15:15:52Z,8,0,2818048,1835008,1.54,1695744,524288,5.38,0,2818048,0,0,29,0,0,71,8,0,0,1,1.177,24.9,98.6,True,overview factors [2; 4; 8; 16]; read 1/16 overview + 512x512 window (decoded pixel bytes)
fits_header_cutout,lith,1,2026-10-10T15:15:58Z,14,0,54525952,17170432,3.18,17055744,1051456,51.86,49283072,5242880,0,0,15,85,0,0,8,13,47,1,1.301,24.7,99.3,True,header (6 cards) + 512x512 float32 cutout via .section
webdataset_stream,lith,1,2026-10-10T15:16:03Z,19,0,17008640,17039360,1.0,17010688,17008640,1.0,7571456,9437184,0,0,51,49,0,0,17,8,8,1,1.086,25.3,98.1,True,400 samples; 16392690 payload B
zip_seek_to_end,lith,1,2026-10-10T15:16:09Z,12,0,10291022,3014656,3.41,1966080,409600,25.12,0,10158080,132942,0,100,0,0,0,10,0,0,1,0.405,24.8,98.5,True,central directory (500 entries) + 20 random entries
tinyfiles_random,lith,1,2026-10-10T15:16:14Z,300,0,2457600,19660800,0.12,2457600,2457600,1.0,212992,2244608,0,0,100,0,0,0,274,26,26,300,10.52,25.0,98.4,True,300 x 8 KiB; random order
sqlite_random,lith,1,2026-10-10T15:16:27Z,195,0,17092608,16842752,1.01,5877760,,,0,17092608,0,0,1,0,0,99,195,0,0,1,5.981,25.6,96.5,True,1000 indexed point lookups (316 hits) + 5 range scans (10005 rows)
kerchunk_scan,lith,1,2026-10-10T15:16:35Z,60,0,15990784,3604480,4.44,528384,,,0,15335424,0,0,25,0,20,55,50,0,10,1,5.364,24.5,98.6,True,2904 refs from HDF5 metadata walk
kerchunk_read,lith,1,2026-10-10T15:16:43Z,2,0,1179648,851968,1.38,786432,831744,1.42,0,1179648,0,0,100,0,0,0,2,0,0,1,0.894,25.1,99.5,True,U[time=3; lev=30] (361; 576) via kerchunk refs + zarr
hemco_timeslice,lith,1,2026-10-10T15:16:49Z,340,0,120369094,62390272,1.93,54411264,1425600000,0.08,57671680,62435270,0,0,30,11,6,53,331,8,58,3,17.604,24.9,98.6,True,55 vars; one time slice each; 3 HEMCO files
grib_idx,lith,2,2026-10-10T15:17:09Z,75,0,62422091,12320768,5.07,11829248,10221443,6.11,50331648,12090443,0,0,11,14,0,75,69,2,48,2,2.981,25.6,97.7,True,12/12 fields decoded
netcdf4_hyperslab,lith,2,2026-10-10T15:17:14Z,21,0,7862494,5832704,1.35,5586944,131072,59.99,0,7862494,0,0,73,0,0,27,21,0,0,1,1.104,26.0,99.3,True,OR_ABI-L2-CMIPF-M6C01_G19_s20262810000210_e20262810009519_c20262810009578.nc CMI 10848x10848 slab 256x256 int16
mmap_random,lith,2,2026-10-10T15:17:20Z,2413,0,416277499,414056448,1.01,306253824,12288000,33.88,0,416277499,0,0,0,0,0,100,2413,0,0,1,117.454,24.3,99.3,True,3000 random 4 KiB page touches over 892331003 B (checksum 391765)
concurrent_handles,lith,2,2026-10-10T15:19:20Z,131,0,506698297,506658816,1.0,506634240,506632761,1.0,462527033,44171264,0,0,8,92,0,0,70,441,445,8,0.841,24.2,99.3,True,8 handles; contiguous 1/8 shares; 1 MiB reads
cog_overview_window,lith,2,2026-10-10T15:19:25Z,8,0,2818048,1835008,1.54,1695744,524288,5.38,0,2818048,0,0,29,0,0,71,8,0,0,1,1.098,25.5,98.6,True,overview factors [2; 4; 8; 16]; read 1/16 overview + 512x512 window (decoded pixel bytes)
fits_header_cutout,lith,2,2026-10-10T15:19:31Z,14,0,54525952,17170432,3.18,17055744,1051456,51.86,49283072,5242880,0,0,15,85,0,0,8,13,47,1,1.467,25.2,99.3,True,header (6 cards) + 512x512 float32 cutout via .section
webdataset_stream,lith,2,2026-10-10T15:19:36Z,19,0,17008640,17039360,1.0,17010688,17008640,1.0,7571456,9437184,0,0,51,49,0,0,17,8,8,1,1.121,24.6,98.0,True,400 samples; 16392690 payload B
zip_seek_to_end,lith,2,2026-10-10T15:19:42Z,12,0,10291022,3014656,3.41,1966080,409600,25.12,0,10158080,132942,0,100,0,0,0,10,0,0,1,0.449,24.5,98.3,True,central directory (500 entries) + 20 random entries
tinyfiles_random,lith,2,2026-10-10T15:19:47Z,300,0,2457600,19660800,0.12,2457600,2457600,1.0,212992,2244608,0,0,100,0,0,0,274,26,26,300,9.812,24.3,97.8,True,300 x 8 KiB; random order
sqlite_random,lith,2,2026-10-10T15:20:00Z,188,0,17616896,16842752,1.05,5853184,,,0,17616896,0,0,1,0,0,99,188,0,0,1,6.379,24.7,99.1,True,1000 indexed point lookups (316 hits) + 5 range scans (10005 rows)
kerchunk_scan,lith,2,2026-10-10T15:20:08Z,60,0,15990784,3604480,4.44,528384,,,0,15335424,0,0,25,0,20,55,50,0,10,1,5.36,24.4,98.6,True,2904 refs from HDF5 metadata walk
kerchunk_read,lith,2,2026-10-10T15:20:16Z,2,0,1179648,851968,1.38,786432,831744,1.42,0,1179648,0,0,100,0,0,0,2,0,0,1,0.875,25.4,99.0,True,U[time=3; lev=30] (361; 576) via kerchunk refs + zarr
hemco_timeslice,lith,2,2026-10-10T15:20:22Z,342,0,120106950,62390272,1.93,54411264,1425600000,0.08,56623104,63221702,0,0,30,11,6,53,333,7,58,3,17.729,24.5,98.4,True,55 vars; one time slice each; 3 HEMCO files
=== done 2026-10-10T15:20:41Z
