=== gate 5f-P9  2026-10-03T04:01:10Z  B=0cbe181ec7e6  MERRA2.20190701.A3mstC.05x0625.nc4
CELL FI0-1 wall=1.222627657 s3_MB=259.7 GETs=45 distinct_MB=259.7 amp=1.00 issued=232 used=232 evidence_ratio_gauge=0 reader=[mode=dd wall=1.19]
CELL FI4-1 wall=.828550013 s3_MB=259.7 GETs=45 distinct_MB=259.7 amp=1.00 issued=232 used=232 evidence_ratio_gauge=4 reader=[mode=dd wall=0.80]
CELL FI0-2 wall=.713900645 s3_MB=259.7 GETs=45 distinct_MB=259.7 amp=1.00 issued=232 used=232 evidence_ratio_gauge=0 reader=[mode=dd wall=0.69]
CELL FI4-2 wall=.802934514 s3_MB=259.7 GETs=45 distinct_MB=259.7 amp=1.00 issued=232 used=232 evidence_ratio_gauge=4 reader=[mode=dd wall=0.78]
CELL FI0-3 wall=.654705952 s3_MB=259.7 GETs=45 distinct_MB=259.7 amp=1.00 issued=232 used=232 evidence_ratio_gauge=0 reader=[mode=dd wall=0.63]
CELL FI4-3 wall=.860118786 s3_MB=259.7 GETs=45 distinct_MB=259.7 amp=1.00 issued=232 used=232 evidence_ratio_gauge=4 reader=[mode=dd wall=0.84]
CELL FI0-4 wall=.657747589 s3_MB=259.7 GETs=45 distinct_MB=259.7 amp=1.00 issued=232 used=232 evidence_ratio_gauge=0 reader=[mode=dd wall=0.63]
CELL FI4-4 wall=.769781050 s3_MB=259.7 GETs=45 distinct_MB=259.7 amp=1.00 issued=232 used=232 evidence_ratio_gauge=4 reader=[mode=dd wall=0.75]
CELL FI0-5 wall=.688145896 s3_MB=259.7 GETs=45 distinct_MB=259.7 amp=1.00 issued=232 used=232 evidence_ratio_gauge=0 reader=[mode=dd wall=0.67]
CELL FI4-5 wall=.731395775 s3_MB=259.7 GETs=45 distinct_MB=259.7 amp=1.00 issued=232 used=232 evidence_ratio_gauge=4 reader=[mode=dd wall=0.71]
CELL FI0-6 wall=.661191600 s3_MB=259.7 GETs=45 distinct_MB=259.7 amp=1.00 issued=232 used=232 evidence_ratio_gauge=0 reader=[mode=dd wall=0.64]
CELL FI4-6 wall=.915129064 s3_MB=259.7 GETs=45 distinct_MB=259.7 amp=1.00 issued=232 used=232 evidence_ratio_gauge=4 reader=[mode=dd wall=0.89]
=== done 2026-10-03T04:01:32Z
=== gate 5f-P9  2026-10-03T04:01:32Z  B=0cbe181ec7e6  MERRA2.20190701.A3cld.05x0625.nc4
CELL GI0-1 wall=1.127023170 s3_MB=423.9 GETs=65 distinct_MB=423.9 amp=1.00 issued=389 used=389 evidence_ratio_gauge=0 reader=[mode=dd wall=1.10]
CELL GI4-1 wall=.915457519 s3_MB=423.9 GETs=65 distinct_MB=423.9 amp=1.00 issued=389 used=389 evidence_ratio_gauge=4 reader=[mode=dd wall=0.89]
CELL GI0-2 wall=.668037089 s3_MB=423.9 GETs=65 distinct_MB=423.9 amp=1.00 issued=389 used=389 evidence_ratio_gauge=0 reader=[mode=dd wall=0.64]
CELL GI4-2 wall=1.096189872 s3_MB=423.9 GETs=65 distinct_MB=423.9 amp=1.00 issued=389 used=389 evidence_ratio_gauge=4 reader=[mode=dd wall=1.07]
CELL GI0-3 wall=.825237413 s3_MB=423.9 GETs=65 distinct_MB=423.9 amp=1.00 issued=389 used=389 evidence_ratio_gauge=0 reader=[mode=dd wall=0.80]
CELL GI4-3 wall=.824418000 s3_MB=423.9 GETs=65 distinct_MB=423.9 amp=1.00 issued=389 used=389 evidence_ratio_gauge=4 reader=[mode=dd wall=0.80]
CELL GI0-4 wall=.829994846 s3_MB=423.9 GETs=65 distinct_MB=423.9 amp=1.00 issued=389 used=389 evidence_ratio_gauge=0 reader=[mode=dd wall=0.81]
CELL GI4-4 wall=.865452819 s3_MB=423.9 GETs=65 distinct_MB=423.9 amp=1.00 issued=389 used=389 evidence_ratio_gauge=4 reader=[mode=dd wall=0.84]
CELL GI0-5 wall=.711438104 s3_MB=423.9 GETs=65 distinct_MB=423.9 amp=1.00 issued=389 used=389 evidence_ratio_gauge=0 reader=[mode=dd wall=0.69]
CELL GI4-5 wall=.921454946 s3_MB=423.9 GETs=65 distinct_MB=423.9 amp=1.00 issued=389 used=389 evidence_ratio_gauge=4 reader=[mode=dd wall=0.90]
CELL GI0-6 wall=.813716067 s3_MB=423.9 GETs=65 distinct_MB=423.9 amp=1.00 issued=389 used=389 evidence_ratio_gauge=0 reader=[mode=dd wall=0.79]
CELL GI4-6 wall=.829501430 s3_MB=423.9 GETs=65 distinct_MB=423.9 amp=1.00 issued=389 used=389 evidence_ratio_gauge=4 reader=[mode=dd wall=0.81]
=== done 2026-10-03T04:01:56Z
=== gate 5f-P9  2026-10-03T04:01:56Z  B=0cbe181ec7e6  GEOSFP.20190701.A3mstE.025x03125.nc
CELL HI0-1 wall=1.766790962 s3_MB=733.4 GETs=102 distinct_MB=733.5 amp=1.00 issued=684 used=684 evidence_ratio_gauge=0 reader=[mode=dd wall=1.74]
CELL HI4-1 wall=1.112716974 s3_MB=733.4 GETs=102 distinct_MB=733.5 amp=1.00 issued=684 used=684 evidence_ratio_gauge=4 reader=[mode=dd wall=1.09]
CELL HI0-2 wall=1.139189036 s3_MB=733.4 GETs=102 distinct_MB=733.5 amp=1.00 issued=684 used=684 evidence_ratio_gauge=0 reader=[mode=dd wall=1.12]
CELL HI4-2 wall=1.373494977 s3_MB=733.4 GETs=102 distinct_MB=733.5 amp=1.00 issued=684 used=684 evidence_ratio_gauge=4 reader=[mode=dd wall=1.35]
CELL HI0-3 wall=.929602149 s3_MB=733.4 GETs=102 distinct_MB=733.5 amp=1.00 issued=684 used=684 evidence_ratio_gauge=0 reader=[mode=dd wall=0.91]
CELL HI4-3 wall=1.136369432 s3_MB=733.4 GETs=102 distinct_MB=733.5 amp=1.00 issued=684 used=684 evidence_ratio_gauge=4 reader=[mode=dd wall=1.11]
CELL HI0-4 wall=.894070814 s3_MB=733.4 GETs=102 distinct_MB=733.5 amp=1.00 issued=684 used=684 evidence_ratio_gauge=0 reader=[mode=dd wall=0.87]
CELL HI4-4 wall=1.289960432 s3_MB=733.4 GETs=102 distinct_MB=733.5 amp=1.00 issued=684 used=684 evidence_ratio_gauge=4 reader=[mode=dd wall=1.27]
CELL HI0-5 wall=1.052925582 s3_MB=733.4 GETs=102 distinct_MB=733.5 amp=1.00 issued=684 used=684 evidence_ratio_gauge=0 reader=[mode=dd wall=1.03]
CELL HI4-5 wall=1.041620579 s3_MB=733.4 GETs=102 distinct_MB=733.5 amp=1.00 issued=684 used=684 evidence_ratio_gauge=4 reader=[mode=dd wall=1.02]
CELL HI0-6 wall=.938529699 s3_MB=733.4 GETs=102 distinct_MB=733.5 amp=1.00 issued=684 used=684 evidence_ratio_gauge=0 reader=[mode=dd wall=0.92]
CELL HI4-6 wall=1.047797237 s3_MB=733.4 GETs=102 distinct_MB=733.5 amp=1.00 issued=684 used=684 evidence_ratio_gauge=4 reader=[mode=dd wall=1.02]
=== done 2026-10-03T04:02:22Z
