=== gate 5f-P9g  2026-10-03T04:56:23Z  B=0cbe181ec7e6  primer=MERRA2.20190701.A3mstE.05x0625.nc4
(standard_in) 1: syntax error
(standard_in) 1: syntax error
CELL W0-1 pos=0 cold obj=MERRA2.20190701.A3mstE.05x0625.nc4 mode=dd wall=1.19 s3_MB=
(standard_in) 1: syntax error
(standard_in) 1: syntax error
(standard_in) 1: syntax error
CELL W0-1 pos=1 warm obj=MERRA2.20190701.A3mstC.05x0625.nc4 mode=dd wall=0.89 s3_MB=
(standard_in) 1: syntax error
(standard_in) 1: syntax error
(standard_in) 1: syntax error
CELL W0-1 pos=2 warm obj=MERRA2.20190701.A3cld.05x0625.nc4 mode=dd wall=0.92 s3_MB=
(standard_in) 1: syntax error
(standard_in) 1: syntax error
(standard_in) 1: syntax error
CELL W0-1 pos=3 warm obj=MERRA2.20190701.I3.05x0625.nc4 mode=dd wall=1.17 s3_MB=
(standard_in) 1: syntax error
(standard_in) 1: syntax error
CELL W4-1 pos=0 cold obj=MERRA2.20190701.A3mstE.05x0625.nc4 mode=dd wall=0.70 s3_MB=
(standard_in) 1: syntax error
(standard_in) 1: syntax error
(standard_in) 1: syntax error
CELL W4-1 pos=1 warm obj=MERRA2.20190701.A3mstC.05x0625.nc4 mode=dd wall=0.75 s3_MB=
(standard_in) 1: syntax error
(standard_in) 1: syntax error
(standard_in) 1: syntax error
CELL W4-1 pos=2 warm obj=MERRA2.20190701.A3cld.05x0625.nc4 mode=dd wall=0.80 s3_MB=
(standard_in) 1: syntax error
(standard_in) 1: syntax error
(standard_in) 1: syntax error
CELL W4-1 pos=3 warm obj=MERRA2.20190701.I3.05x0625.nc4 mode=dd wall=1.23 s3_MB=
(standard_in) 1: syntax error
(standard_in) 1: syntax error
CELL W4-2 pos=0 cold obj=MERRA2.20190701.A3mstE.05x0625.nc4 mode=dd wall=0.79 s3_MB=
(standard_in) 1: syntax error
(standard_in) 1: syntax error
(standard_in) 1: syntax error
CELL W4-2 pos=1 warm obj=MERRA2.20190701.A3mstC.05x0625.nc4 mode=dd wall=0.84 s3_MB=
(standard_in) 1: syntax error
(standard_in) 1: syntax error
(standard_in) 1: syntax error
CELL W4-2 pos=2 warm obj=MERRA2.20190701.A3cld.05x0625.nc4 mode=dd wall=1.11 s3_MB=
(standard_in) 1: syntax error
(standard_in) 1: syntax error
(standard_in) 1: syntax error
CELL W4-2 pos=3 warm obj=MERRA2.20190701.I3.05x0625.nc4 mode=dd wall=1.01 s3_MB=
(standard_in) 1: syntax error
(standard_in) 1: syntax error
CELL W0-2 pos=0 cold obj=MERRA2.20190701.A3mstE.05x0625.nc4 mode=dd wall=0.54 s3_MB=
(standard_in) 1: syntax error
(standard_in) 1: syntax error
(standard_in) 1: syntax error
CELL W0-2 pos=1 warm obj=MERRA2.20190701.A3mstC.05x0625.nc4 mode=dd wall=0.59 s3_MB=
(standard_in) 1: syntax error
(standard_in) 1: syntax error
(standard_in) 1: syntax error
CELL W0-2 pos=2 warm obj=MERRA2.20190701.A3cld.05x0625.nc4 mode=dd wall=0.77 s3_MB=
(standard_in) 1: syntax error
(standard_in) 1: syntax error
(standard_in) 1: syntax error
CELL W0-2 pos=3 warm obj=MERRA2.20190701.I3.05x0625.nc4 mode=dd wall=0.85 s3_MB=
(standard_in) 1: syntax error
(standard_in) 1: syntax error
CELL W0-3 pos=0 cold obj=MERRA2.20190701.A3mstE.05x0625.nc4 mode=dd wall=0.66 s3_MB=
(standard_in) 1: syntax error
(standard_in) 1: syntax error
(standard_in) 1: syntax error
CELL W0-3 pos=1 warm obj=MERRA2.20190701.A3mstC.05x0625.nc4 mode=dd wall=0.65 s3_MB=
(standard_in) 1: syntax error
(standard_in) 1: syntax error
(standard_in) 1: syntax error
CELL W0-3 pos=2 warm obj=MERRA2.20190701.A3cld.05x0625.nc4 mode=dd wall=0.68 s3_MB=
(standard_in) 1: syntax error
(standard_in) 1: syntax error
(standard_in) 1: syntax error
CELL W0-3 pos=3 warm obj=MERRA2.20190701.I3.05x0625.nc4 mode=dd wall=0.82 s3_MB=
(standard_in) 1: syntax error
(standard_in) 1: syntax error
CELL W4-3 pos=0 cold obj=MERRA2.20190701.A3mstE.05x0625.nc4 mode=dd wall=0.71 s3_MB=
(standard_in) 1: syntax error
(standard_in) 1: syntax error
(standard_in) 1: syntax error
CELL W4-3 pos=1 warm obj=MERRA2.20190701.A3mstC.05x0625.nc4 mode=dd wall=0.68 s3_MB=
(standard_in) 1: syntax error
(standard_in) 1: syntax error
(standard_in) 1: syntax error
CELL W4-3 pos=2 warm obj=MERRA2.20190701.A3cld.05x0625.nc4 mode=dd wall=0.85 s3_MB=
(standard_in) 1: syntax error
(standard_in) 1: syntax error
(standard_in) 1: syntax error
CELL W4-3 pos=3 warm obj=MERRA2.20190701.I3.05x0625.nc4 mode=dd wall=1.19 s3_MB=
(standard_in) 1: syntax error
(standard_in) 1: syntax error
CELL W4-4 pos=0 cold obj=MERRA2.20190701.A3mstE.05x0625.nc4 mode=dd wall=0.76 s3_MB=
(standard_in) 1: syntax error
(standard_in) 1: syntax error
(standard_in) 1: syntax error
CELL W4-4 pos=1 warm obj=MERRA2.20190701.A3mstC.05x0625.nc4 mode=dd wall=0.67 s3_MB=
(standard_in) 1: syntax error
(standard_in) 1: syntax error
(standard_in) 1: syntax error
CELL W4-4 pos=2 warm obj=MERRA2.20190701.A3cld.05x0625.nc4 mode=dd wall=0.82 s3_MB=
(standard_in) 1: syntax error
(standard_in) 1: syntax error
(standard_in) 1: syntax error
CELL W4-4 pos=3 warm obj=MERRA2.20190701.I3.05x0625.nc4 mode=dd wall=0.93 s3_MB=
(standard_in) 1: syntax error
(standard_in) 1: syntax error
CELL W0-4 pos=0 cold obj=MERRA2.20190701.A3mstE.05x0625.nc4 mode=dd wall=0.64 s3_MB=
(standard_in) 1: syntax error
(standard_in) 1: syntax error
(standard_in) 1: syntax error
CELL W0-4 pos=1 warm obj=MERRA2.20190701.A3mstC.05x0625.nc4 mode=dd wall=0.63 s3_MB=
(standard_in) 1: syntax error
(standard_in) 1: syntax error
(standard_in) 1: syntax error
CELL W0-4 pos=2 warm obj=MERRA2.20190701.A3cld.05x0625.nc4 mode=dd wall=0.69 s3_MB=
(standard_in) 1: syntax error
(standard_in) 1: syntax error
(standard_in) 1: syntax error
CELL W0-4 pos=3 warm obj=MERRA2.20190701.I3.05x0625.nc4 mode=dd wall=0.98 s3_MB=
(standard_in) 1: syntax error
(standard_in) 1: syntax error
CELL W0-5 pos=0 cold obj=MERRA2.20190701.A3mstE.05x0625.nc4 mode=dd wall=0.82 s3_MB=
(standard_in) 1: syntax error
(standard_in) 1: syntax error
(standard_in) 1: syntax error
CELL W0-5 pos=1 warm obj=MERRA2.20190701.A3mstC.05x0625.nc4 mode=dd wall=1.52 s3_MB=
(standard_in) 1: syntax error
(standard_in) 1: syntax error
(standard_in) 1: syntax error
CELL W0-5 pos=2 warm obj=MERRA2.20190701.A3cld.05x0625.nc4 mode=dd wall=1.17 s3_MB=
(standard_in) 1: syntax error
(standard_in) 1: syntax error
(standard_in) 1: syntax error
CELL W0-5 pos=3 warm obj=MERRA2.20190701.I3.05x0625.nc4 mode=dd wall=1.10 s3_MB=
(standard_in) 1: syntax error
(standard_in) 1: syntax error
CELL W4-5 pos=0 cold obj=MERRA2.20190701.A3mstE.05x0625.nc4 mode=dd wall=0.68 s3_MB=
(standard_in) 1: syntax error
(standard_in) 1: syntax error
(standard_in) 1: syntax error
CELL W4-5 pos=1 warm obj=MERRA2.20190701.A3mstC.05x0625.nc4 mode=dd wall=0.74 s3_MB=
(standard_in) 1: syntax error
(standard_in) 1: syntax error
(standard_in) 1: syntax error
CELL W4-5 pos=2 warm obj=MERRA2.20190701.A3cld.05x0625.nc4 mode=dd wall=0.80 s3_MB=
(standard_in) 1: syntax error
(standard_in) 1: syntax error
(standard_in) 1: syntax error
CELL W4-5 pos=3 warm obj=MERRA2.20190701.I3.05x0625.nc4 mode=dd wall=1.05 s3_MB=
(standard_in) 1: syntax error
(standard_in) 1: syntax error
CELL W4-6 pos=0 cold obj=MERRA2.20190701.A3mstE.05x0625.nc4 mode=dd wall=0.79 s3_MB=
(standard_in) 1: syntax error
(standard_in) 1: syntax error
(standard_in) 1: syntax error
CELL W4-6 pos=1 warm obj=MERRA2.20190701.A3mstC.05x0625.nc4 mode=dd wall=0.69 s3_MB=
(standard_in) 1: syntax error
(standard_in) 1: syntax error
(standard_in) 1: syntax error
CELL W4-6 pos=2 warm obj=MERRA2.20190701.A3cld.05x0625.nc4 mode=dd wall=1.01 s3_MB=
(standard_in) 1: syntax error
(standard_in) 1: syntax error
(standard_in) 1: syntax error
CELL W4-6 pos=3 warm obj=MERRA2.20190701.I3.05x0625.nc4 mode=dd wall=1.30 s3_MB=
(standard_in) 1: syntax error
(standard_in) 1: syntax error
CELL W0-6 pos=0 cold obj=MERRA2.20190701.A3mstE.05x0625.nc4 mode=dd wall=0.63 s3_MB=
(standard_in) 1: syntax error
(standard_in) 1: syntax error
(standard_in) 1: syntax error
CELL W0-6 pos=1 warm obj=MERRA2.20190701.A3mstC.05x0625.nc4 mode=dd wall=0.65 s3_MB=
(standard_in) 1: syntax error
(standard_in) 1: syntax error
(standard_in) 1: syntax error
CELL W0-6 pos=2 warm obj=MERRA2.20190701.A3cld.05x0625.nc4 mode=dd wall=0.72 s3_MB=
(standard_in) 1: syntax error
(standard_in) 1: syntax error
(standard_in) 1: syntax error
CELL W0-6 pos=3 warm obj=MERRA2.20190701.I3.05x0625.nc4 mode=dd wall=0.91 s3_MB=
=== done 2026-10-03T04:57:20Z
