=== gate 5f-P9h  2026-10-03T21:36:26Z  B=1a78f75b8b81
CELL O0-1 obj=MERRA2.20190701.A3mstC.05x0625.nc4 dd_start=1791063387.999469498 dd_end=1791063388.845660603 wall=.846191105
CELL O0-1 obj=MERRA2.20190701.A3cld.05x0625.nc4 dd_start=1791063388.848479856 dd_end=1791063389.732492320 wall=.884012464
  timeline rows: 5219
CELL O4-1 obj=MERRA2.20190701.A3mstC.05x0625.nc4 dd_start=1791063391.060182273 dd_end=1791063391.783202538 wall=.723020265
CELL O4-1 obj=MERRA2.20190701.A3cld.05x0625.nc4 dd_start=1791063391.786435728 dd_end=1791063392.494606333 wall=.708170605
  timeline rows: 5219
CELL O4-2 obj=MERRA2.20190701.A3mstC.05x0625.nc4 dd_start=1791063393.822311568 dd_end=1791063394.543291258 wall=.720979690
CELL O4-2 obj=MERRA2.20190701.A3cld.05x0625.nc4 dd_start=1791063394.546588897 dd_end=1791063395.379294903 wall=.832706006
  timeline rows: 5219
CELL O0-2 obj=MERRA2.20190701.A3mstC.05x0625.nc4 dd_start=1791063396.456282421 dd_end=1791063397.103218561 wall=.646936140
CELL O0-2 obj=MERRA2.20190701.A3cld.05x0625.nc4 dd_start=1791063397.106549275 dd_end=1791063397.786792859 wall=.680243584
  timeline rows: 5219
CELL O0-3 obj=MERRA2.20190701.A3mstC.05x0625.nc4 dd_start=1791063399.113283760 dd_end=1791063399.685415183 wall=.572131423
CELL O0-3 obj=MERRA2.20190701.A3cld.05x0625.nc4 dd_start=1791063399.688646755 dd_end=1791063400.295024161 wall=.606377406
  timeline rows: 5219
CELL O4-3 obj=MERRA2.20190701.A3mstC.05x0625.nc4 dd_start=1791063401.623392785 dd_end=1791063402.583461039 wall=.960068254
CELL O4-3 obj=MERRA2.20190701.A3cld.05x0625.nc4 dd_start=1791063402.586822449 dd_end=1791063403.523918206 wall=.937095757
  timeline rows: 5219
=== done 2026-10-03T21:36:43Z
