{"time":"2026-10-11T00:52:42.299565058Z","level":"INFO","msg":"listing complete","keys":217,"seconds":0.041809062,"keys_per_sec":5190.2623407336905}
{"time":"2026-10-11T00:52:42.299743201Z","level":"INFO","msg":"index built","keys":217,"dirs":1,"dropped":0,"shadowed":0,"collisions":0}
{"time":"2026-10-11T00:52:42.299770552Z","level":"INFO","msg":"nic bandwidth","baseline_gbps":50,"peak_gbps":50,"source":"--nic-gbps"}
{"time":"2026-10-11T00:52:42.341115897Z","level":"INFO","msg":"inflight-bytes budget","budget":"1250000000 bytes (2 × 50.0 Gbps baseline × 100 ms)"}
{"time":"2026-10-11T00:52:42.341152231Z","level":"INFO","msg":"prefetch admission","evidence_ratio":0,"pressure_max":0,"note":"the gateway has no evidence gate"}
{"time":"2026-10-11T00:52:42.341354392Z","level":"INFO","msg":"lith NFSv3 gateway","listen":"10.250.0.1:12049","bucket":"gcgrid","prefix":"GEOS_0.25x0.3125/GEOS_FP/2019/07","keys":217,"root_id":"1f2961dae350a539","portmap":false}
mount with: sudo mount -t nfs -o vers=3,proto=tcp,port=12049,mountport=12049,nolock <host>:/ /mnt
{"time":"2026-10-11T00:52:43.245681327Z","level":"ERROR","msg":"No handler for 100227.0"}
{"time":"2026-10-11T00:52:43.245770584Z","level":"ERROR","msg":"No handler for 100227.0"}
{"time":"2026-10-11T00:52:43.245781593Z","level":"ERROR","msg":"No handler for 100227.0"}
{"time":"2026-10-11T00:52:43.245807358Z","level":"ERROR","msg":"No handler for 100227.0"}
{"time":"2026-10-11T00:52:43.245807582Z","level":"ERROR","msg":"No handler for 100227.0"}
{"time":"2026-10-11T00:52:43.245832156Z","level":"ERROR","msg":"No handler for 100227.0"}
{"time":"2026-10-11T00:52:43.24585989Z","level":"ERROR","msg":"No handler for 100227.0"}
{"time":"2026-10-11T00:52:43.24598052Z","level":"ERROR","msg":"No handler for 100227.0"}
{"time":"2026-10-11T00:52:43.246013792Z","level":"ERROR","msg":"No handler for 100227.0"}
{"time":"2026-10-11T00:52:43.246218563Z","level":"ERROR","msg":"No handler for 100227.0"}
{"time":"2026-10-11T00:52:43.246417686Z","level":"ERROR","msg":"No handler for 100227.0"}
{"time":"2026-10-11T00:52:43.246542155Z","level":"ERROR","msg":"No handler for 100227.0"}
{"time":"2026-10-11T00:52:43.247172471Z","level":"ERROR","msg":"No handler for 100227.0"}
{"time":"2026-10-11T00:52:43.248599772Z","level":"ERROR","msg":"No handler for 100227.0"}
{"time":"2026-10-11T00:52:43.25233169Z","level":"ERROR","msg":"No handler for 100227.0"}
{"time":"2026-10-11T00:52:43.256441325Z","level":"ERROR","msg":"No handler for 100227.0"}
