{"time":"2026-10-11T00:55:10.045659069Z","level":"INFO","msg":"listing complete","keys":217,"seconds":0.035678108,"keys_per_sec":6082.161083205421}
{"time":"2026-10-11T00:55:10.045864365Z","level":"INFO","msg":"index built","keys":217,"dirs":1,"dropped":0,"shadowed":0,"collisions":0}
{"time":"2026-10-11T00:55:10.045905973Z","level":"INFO","msg":"nic bandwidth","baseline_gbps":50,"peak_gbps":50,"source":"--nic-gbps"}
{"time":"2026-10-11T00:55:10.083175822Z","level":"INFO","msg":"inflight-bytes budget","budget":"1250000000 bytes (2 × 50.0 Gbps baseline × 100 ms)"}
{"time":"2026-10-11T00:55:10.08321124Z","level":"INFO","msg":"prefetch admission","evidence_ratio":0,"pressure_max":0,"note":"the gateway has no evidence gate"}
{"time":"2026-10-11T00:55:10.083373116Z","level":"INFO","msg":"lith NFSv3 gateway","listen":"10.250.0.1:12049","bucket":"gcgrid","prefix":"GEOS_0.25x0.3125/GEOS_FP/2019/07","keys":217,"root_id":"1f2961dae350a539","portmap":false}
mount with: sudo mount -t nfs -o vers=3,proto=tcp,port=12049,mountport=12049,nolock <host>:/ /mnt
{"time":"2026-10-11T00:55:10.99591334Z","level":"ERROR","msg":"No handler for 100227.0"}
{"time":"2026-10-11T00:55:10.997912059Z","level":"ERROR","msg":"No handler for 100227.0"}
{"time":"2026-10-11T00:55:10.99790923Z","level":"ERROR","msg":"No handler for 100227.0"}
{"time":"2026-10-11T00:55:10.997959713Z","level":"ERROR","msg":"No handler for 100227.0"}
{"time":"2026-10-11T00:55:10.99820385Z","level":"ERROR","msg":"No handler for 100227.0"}
{"time":"2026-10-11T00:55:10.998307485Z","level":"ERROR","msg":"No handler for 100227.0"}
{"time":"2026-10-11T00:55:10.998997759Z","level":"ERROR","msg":"No handler for 100227.0"}
{"time":"2026-10-11T00:55:11.001425459Z","level":"ERROR","msg":"No handler for 100227.0"}
{"time":"2026-10-11T00:55:11.001912864Z","level":"ERROR","msg":"No handler for 100227.0"}
{"time":"2026-10-11T00:55:11.001912513Z","level":"ERROR","msg":"No handler for 100227.0"}
{"time":"2026-10-11T00:55:11.008971726Z","level":"ERROR","msg":"No handler for 100227.0"}
{"time":"2026-10-11T00:55:11.009200498Z","level":"ERROR","msg":"No handler for 100227.0"}
{"time":"2026-10-11T00:55:11.274436747Z","level":"ERROR","msg":"No handler for 100227.0"}
{"time":"2026-10-11T00:55:11.274590405Z","level":"ERROR","msg":"No handler for 100227.0"}
{"time":"2026-10-11T00:55:11.274616598Z","level":"ERROR","msg":"No handler for 100227.0"}
{"time":"2026-10-11T00:55:11.280272611Z","level":"ERROR","msg":"No handler for 100227.0"}
