node compute-dy-nodes-1  c8g.48xlarge  nproc 192
[18:00:07] === gate 5f-P9j  2026-10-04T18:00:07Z  ranks=48 reps=2 lith=39ebae8ab0c3
[18:00:07] === rep 1
[18:00:09]   stale fuse.lith mounts after cleanup: 0
lith mounted in the background (pid 16031); logs: /tmp/lith-1000-mount.log
chown: cannot access '/input-lith/GEOS_0.5x0.625/MERRA2/2019/01': Permission denied
lith mounted in the background (pid 16156); logs: /tmp/lith-1000-mount.log
chown: cannot access '/input-lith/GEOS_0.5x0.625/MERRA2/2019/01': Permission denied
chown: cannot access '/input-lith/GEOS_0.5x0.625/MERRA2/2015/01': Permission denied
lith mounted in the background (pid 16281); logs: /tmp/lith-1000-mount.log
chown: cannot access '/input-lith/GEOS_0.5x0.625/MERRA2/2019/01': Permission denied
chown: cannot access '/input-lith/GEOS_0.5x0.625/MERRA2/2015/01': Permission denied
chown: cannot access '/input-lith/HEMCO': Permission denied
lith mounted in the background (pid 16404); logs: /tmp/lith-1000-mount.log
chown: cannot access '/input-lith/GEOS_0.5x0.625/MERRA2/2019/01': Permission denied
chown: cannot access '/input-lith/GEOS_0.5x0.625/MERRA2/2015/01': Permission denied
chown: cannot access '/input-lith/HEMCO': Permission denied
chown: cannot access '/input-lith/CHEM_INPUTS': Permission denied
lith mounted in the background (pid 16528); logs: /tmp/lith-1000-mount.log
[18:00:17]   fuse.lith mounts: 5  daemons answering: 5/5
✅ GCHP Validated Stack (ARM64/aarch64): gchp14.7.1-validated
gcc (GCC) 12.2.0
[18:00:20]   layout: NX=2 NY=24 ranks=48
[18:01:25]   checkpoint write reached at 65s
[18:01:29]   timesteps: 144
[18:01:31]   stale fuse.lith mounts after cleanup: 0
[18:01:31] === rep 2
[18:01:33]   stale fuse.lith mounts after cleanup: 0
lith mounted in the background (pid 22007); logs: /tmp/lith-1000-mount.log
chown: cannot access '/input-lith/GEOS_0.5x0.625/MERRA2/2019/01': Permission denied
lith mounted in the background (pid 22133); logs: /tmp/lith-1000-mount.log
chown: cannot access '/input-lith/GEOS_0.5x0.625/MERRA2/2019/01': Permission denied
chown: cannot access '/input-lith/GEOS_0.5x0.625/MERRA2/2015/01': Permission denied
lith mounted in the background (pid 22257); logs: /tmp/lith-1000-mount.log
chown: cannot access '/input-lith/GEOS_0.5x0.625/MERRA2/2019/01': Permission denied
chown: cannot access '/input-lith/GEOS_0.5x0.625/MERRA2/2015/01': Permission denied
chown: cannot access '/input-lith/HEMCO': Permission denied
lith mounted in the background (pid 22383); logs: /tmp/lith-1000-mount.log
chown: cannot access '/input-lith/GEOS_0.5x0.625/MERRA2/2019/01': Permission denied
chown: cannot access '/input-lith/GEOS_0.5x0.625/MERRA2/2015/01': Permission denied
chown: cannot access '/input-lith/HEMCO': Permission denied
chown: cannot access '/input-lith/CHEM_INPUTS': Permission denied
lith mounted in the background (pid 22507); logs: /tmp/lith-1000-mount.log
[18:01:40]   fuse.lith mounts: 5  daemons answering: 5/5
✅ GCHP Validated Stack (ARM64/aarch64): gchp14.7.1-validated
gcc (GCC) 12.2.0
[18:01:42]   layout: NX=2 NY=24 ranks=48
[18:02:47]   checkpoint write reached at 65s
[18:02:51]   timesteps: 144
[18:02:53]   stale fuse.lith mounts after cleanup: 0
[18:02:53] === done 2026-10-04T18:02:53Z
